\BOOKMARK [1][-]{section.1}{\376\377\000I\000n\000t\000r\000o\000d\000u\000c\000t\000i\000o\000n}{}% 1
\BOOKMARK [1][-]{section.2}{\376\377\000R\000e\000l\000a\000t\000e\000d\000\040\000W\000o\000r\000k\000\040\000a\000n\000d\000\040\000P\000o\000s\000i\000t\000i\000o\000n\000i\000n\000g}{}% 2
\BOOKMARK [1][-]{section.3}{\376\377\000D\000a\000t\000a\000,\000\040\000P\000r\000o\000v\000e\000n\000a\000n\000c\000e\000,\000\040\000a\000n\000d\000\040\000P\000o\000p\000u\000l\000a\000t\000i\000o\000n\000\040\000C\000o\000n\000s\000t\000r\000u\000c\000t\000i\000o\000n}{}% 3
\BOOKMARK [2][-]{subsection.3.1}{\376\377\000R\000a\000w\000\040\000t\000a\000b\000l\000e\000s\000\040\000a\000n\000d\000\040\000p\000r\000o\000v\000e\000n\000a\000n\000c\000e}{section.3}% 4
\BOOKMARK [2][-]{subsection.3.2}{\376\377\000M\000a\000t\000c\000h\000i\000n\000g\000\040\000a\000n\000d\000\040\000c\000o\000n\000n\000e\000c\000t\000e\000d\000-\000p\000o\000p\000u\000l\000a\000t\000i\000o\000n\000\040\000s\000e\000l\000e\000c\000t\000i\000o\000n}{section.3}% 5
\BOOKMARK [2][-]{subsection.3.3}{\376\377\000R\000e\000c\000o\000n\000s\000t\000r\000u\000c\000t\000i\000n\000g\000\040\000t\000e\000m\000p\000o\000r\000a\000l\000\040\000i\000n\000t\000e\000r\000a\000c\000t\000i\000o\000n\000s}{section.3}% 6
\BOOKMARK [1][-]{section.4}{\376\377\000O\000r\000i\000e\000n\000t\000a\000t\000i\000o\000n\000-\000L\000a\000b\000e\000l\000\040\000V\000a\000l\000i\000d\000a\000t\000i\000o\000n\000\040\000C\000h\000e\000c\000k}{}% 7
\BOOKMARK [1][-]{section.5}{\376\377\000D\000i\000r\000e\000c\000t\000e\000d\000\040\000N\000e\000t\000w\000o\000r\000k\000\040\000S\000t\000r\000u\000c\000t\000u\000r\000e}{}% 8
\BOOKMARK [2][-]{subsection.5.1}{\376\377\000D\000i\000r\000e\000c\000t\000i\000o\000n\000-\000a\000w\000a\000r\000e\000\040\000s\000t\000r\000u\000c\000t\000u\000r\000a\000l\000\040\000i\000n\000f\000l\000u\000e\000n\000c\000e}{section.5}% 9
\BOOKMARK [2][-]{subsection.5.2}{\376\377\000O\000r\000i\000e\000n\000t\000a\000t\000i\000o\000n\000\040\000m\000i\000x\000i\000n\000g\000\040\000a\000n\000d\000\040\000l\000a\000y\000e\000r\000-\000w\000i\000s\000e\000\040\000p\000e\000r\000m\000u\000t\000a\000t\000i\000o\000n\000\040\000n\000u\000l\000l\000s}{section.5}% 10
\BOOKMARK [2][-]{subsection.5.3}{\376\377\000T\000i\000m\000e\000-\000r\000e\000s\000p\000e\000c\000t\000i\000n\000g\000\040\000r\000e\000a\000c\000h\000a\000b\000i\000l\000i\000t\000y}{section.5}% 11
\BOOKMARK [1][-]{section.6}{\376\377\000S\000t\000o\000c\000h\000a\000s\000t\000i\000c\000\040\000P\000r\000o\000p\000a\000g\000a\000t\000i\000o\000n\000\040\000M\000o\000d\000e\000l}{}% 12
\BOOKMARK [2][-]{subsection.6.1}{\376\377\000S\000t\000a\000t\000e\000s\000\040\000a\000n\000d\000\040\000e\000d\000g\000e\000\040\000s\000e\000m\000a\000n\000t\000i\000c\000s}{section.6}% 13
\BOOKMARK [2][-]{subsection.6.2}{\376\377\000E\000d\000g\000e\000\040\000a\000n\000d\000\040\000n\000o\000d\000e\000\040\000m\000o\000d\000i\000f\000i\000e\000r\000s}{section.6}% 14
\BOOKMARK [2][-]{subsection.6.3}{\376\377\000S\000y\000n\000c\000h\000r\000o\000n\000o\000u\000s\000\040\000a\000d\000o\000p\000t\000i\000o\000n\000\040\000a\000n\000d\000\040\000q\000u\000i\000e\000s\000c\000e\000n\000c\000e}{section.6}% 15
\BOOKMARK [2][-]{subsection.6.4}{\376\377\000S\000e\000e\000d\000s\000,\000\040\000c\000o\000n\000f\000i\000g\000u\000r\000a\000t\000i\000o\000n\000s\000,\000\040\000a\000n\000d\000\040\000u\000n\000c\000e\000r\000t\000a\000i\000n\000t\000y}{section.6}% 16
\BOOKMARK [1][-]{section.7}{\376\377\000S\000p\000e\000c\000t\000r\000a\000l\000\040\000D\000i\000a\000g\000n\000o\000s\000t\000i\000c\000s\000,\000\040\000S\000e\000n\000s\000i\000t\000i\000v\000i\000t\000y\000,\000\040\000a\000n\000d\000\040\000C\000o\000m\000p\000e\000t\000i\000t\000i\000o\000n\000\040\000E\000x\000p\000e\000r\000i\000m\000e\000n\000t\000s}{}% 17
\BOOKMARK [2][-]{subsection.7.1}{\376\377\000L\000o\000o\000p\000-\000s\000e\000n\000s\000i\000t\000i\000v\000e\000\040\000s\000p\000e\000c\000t\000r\000a\000l\000\040\000d\000i\000a\000g\000n\000o\000s\000t\000i\000c}{section.7}% 18
\BOOKMARK [2][-]{subsection.7.2}{\376\377\000S\000e\000c\000o\000n\000d\000a\000r\000y\000\040\000a\000d\000o\000p\000t\000i\000o\000n\000\040\000a\000n\000d\000\040\000a\000m\000p\000l\000i\000f\000i\000c\000a\000t\000i\000o\000n}{section.7}% 19
\BOOKMARK [2][-]{subsection.7.3}{\376\377\000A\000c\000t\000u\000a\000l\000\040\000c\000o\000m\000p\000e\000t\000i\000t\000i\000o\000n\000\040\000i\000n\000t\000e\000n\000s\000i\000t\000y\000\040\000a\000n\000d\000\040\000n\000o\000n\000-\000s\000e\000e\000d\000\040\000o\000u\000t\000c\000o\000m\000e\000s}{section.7}% 20
\BOOKMARK [1][-]{section.8}{\376\377\000C\000o\000m\000p\000o\000n\000e\000n\000t\000\040\000a\000n\000d\000\040\000D\000i\000r\000e\000c\000t\000i\000o\000n\000\040\000C\000o\000n\000t\000r\000o\000l\000s}{}% 21
\BOOKMARK [1][-]{section.9}{\376\377\000L\000e\000a\000k\000a\000g\000e\000-\000C\000o\000n\000t\000r\000o\000l\000l\000e\000d\000\040\000W\000e\000e\000k\000l\000y\000\040\000F\000o\000r\000e\000c\000a\000s\000t\000i\000n\000g}{}% 22
\BOOKMARK [2][-]{subsection.9.1}{\376\377\000P\000r\000e\000d\000i\000c\000t\000i\000o\000n\000\040\000c\000o\000h\000o\000r\000t\000\040\000a\000n\000d\000\040\000r\000o\000l\000l\000i\000n\000g\000-\000o\000r\000i\000g\000i\000n\000\040\000p\000r\000o\000t\000o\000c\000o\000l}{section.9}% 23
\BOOKMARK [2][-]{subsection.9.2}{\376\377\000N\000o\000d\000e\000-\000o\000n\000l\000y\000\040\000a\000n\000d\000\040\000g\000r\000a\000p\000h\000\040\000a\000r\000c\000h\000i\000t\000e\000c\000t\000u\000r\000e\000s}{section.9}% 24
\BOOKMARK [2][-]{subsection.9.3}{\376\377\000C\000o\000m\000p\000l\000e\000t\000e\000\040\000r\000e\000s\000u\000l\000t\000s\000\040\000a\000n\000d\000\040\000n\000o\000-\000s\000k\000i\000l\000l\000\040\000r\000e\000f\000e\000r\000e\000n\000c\000e\000s}{section.9}% 25
\BOOKMARK [2][-]{subsection.9.4}{\376\377\000G\000r\000a\000p\000h\000-\000o\000n\000l\000y\000\040\000p\000r\000e\000d\000i\000c\000t\000i\000o\000n\000\040\000a\000n\000d\000\040\000t\000e\000m\000p\000o\000r\000a\000l\000\040\000c\000o\000n\000t\000r\000o\000l\000s}{section.9}% 26
\BOOKMARK [2][-]{subsection.9.5}{\376\377\000I\000n\000c\000r\000e\000m\000e\000n\000t\000a\000l\000\040\000v\000a\000l\000u\000e\000\040\000b\000e\000y\000o\000n\000d\000\040\000b\000e\000h\000a\000v\000i\000o\000r\000a\000l\000\040\000h\000i\000s\000t\000o\000r\000y}{section.9}% 27
\BOOKMARK [2][-]{subsection.9.6}{\376\377\000S\000e\000p\000a\000r\000a\000t\000e\000\040\000m\000o\000n\000t\000h\000l\000y\000\040\000n\000o\000d\000e\000-\000t\000a\000s\000k\000\040\000c\000o\000m\000p\000a\000r\000i\000s\000o\000n}{section.9}% 28
\BOOKMARK [1][-]{section.10}{\376\377\000D\000i\000s\000c\000u\000s\000s\000i\000o\000n}{}% 29
\BOOKMARK [2][-]{subsection.10.1}{\376\377\000R\000e\000s\000t\000r\000i\000c\000t\000e\000d\000\040\000d\000i\000r\000e\000c\000t\000e\000d\000\040\000r\000e\000c\000u\000r\000r\000e\000n\000c\000e\000\040\000d\000e\000s\000p\000i\000t\000e\000\040\000a\000\040\000l\000a\000r\000g\000e\000\040\000W\000C\000C}{section.10}% 30
\BOOKMARK [2][-]{subsection.10.2}{\376\377\000C\000h\000r\000o\000n\000o\000l\000o\000g\000y\000\040\000f\000u\000r\000t\000h\000e\000r\000\040\000r\000e\000s\000t\000r\000i\000c\000t\000s\000\040\000p\000o\000t\000e\000n\000t\000i\000a\000l\000\040\000r\000e\000a\000c\000h}{section.10}% 31
\BOOKMARK [2][-]{subsection.10.3}{\376\377\000T\000i\000n\000y\000\040\000s\000e\000c\000o\000n\000d\000a\000r\000y\000\040\000s\000p\000r\000e\000a\000d\000\040\000a\000n\000d\000\040\000r\000a\000r\000e\000\040\000d\000i\000r\000e\000c\000t\000\040\000c\000o\000m\000p\000e\000t\000i\000t\000i\000o\000n}{section.10}% 32
\BOOKMARK [2][-]{subsection.10.4}{\376\377\000D\000i\000f\000f\000i\000c\000u\000l\000t\000\040\000w\000e\000e\000k\000l\000y\000\040\000p\000r\000e\000d\000i\000c\000t\000i\000o\000n\000\040\000w\000i\000t\000h\000\040\000m\000o\000d\000e\000s\000t\000\040\000h\000i\000s\000t\000o\000r\000y\000\040\000s\000i\000g\000n\000a\000l}{section.10}% 33
\BOOKMARK [1][-]{section.11}{\376\377\000L\000i\000m\000i\000t\000a\000t\000i\000o\000n\000s}{}% 34
\BOOKMARK [1][-]{section.12}{\376\377\000E\000t\000h\000i\000c\000s\000,\000\040\000D\000a\000t\000a\000\040\000G\000o\000v\000e\000r\000n\000a\000n\000c\000e\000,\000\040\000a\000n\000d\000\040\000D\000u\000a\000l\000\040\000U\000s\000e}{}% 35
\BOOKMARK [1][-]{section.13}{\376\377\000R\000e\000p\000r\000o\000d\000u\000c\000i\000b\000i\000l\000i\000t\000y}{}% 36
\BOOKMARK [1][-]{section.14}{\376\377\000C\000o\000n\000c\000l\000u\000s\000i\000o\000n}{}% 37
